[www.elephant-skin.com/index.html]
[backblue.gif]
[fade.gif]
[index.html]
[www.elephant-skin.com/favicon-32.png]
[www.elephant-skin.com/favicon-16.png]
[www.elephant-skin.com/favicon.ico]
[www.elephant-skin.com/apple-touch-icon.png]
[www.elephant-skin.com/manifest.json]
[www.elephant-skin.com/og-tempo.jpg]
[www.elephant-skin.com/analytics.js]
[www.elephant-skin.com/Etna.otf]
[www.elephant-skin.com/AauxProLight.ttf]
[www.elephant-skin.com/elephant-head.svg]
[www.elephant-skin.com/logo-pink.svg]
[www.elephant-skin.com/logo-white.svg]
[www.elephant-skin.com/hello]
[www.elephant-skin.com/approach]
[www.elephant-skin.com/whatwedo]
[www.elephant-skin.com/projects]
[www.elephant-skin.com/theelephants]
[www.elephant-skin.com/careers]
[www.elephant-skin.com/faq]
[www.elephant-skin.com/projects/chef1.jpg]
[www.elephant-skin.com/projects/chef2.jpg]
[www.elephant-skin.com/projects/chef3.jpg]
[www.elephant-skin.com/brief]
[www.elephant-skin.com/partners/bernardes7b30.png]
[www.elephant-skin.com/partners/bernardes-p7b30.png]
[www.elephant-skin.com/partners/dimas7b30.png]
[www.elephant-skin.com/partners/dimas-p7b30.png]
[www.elephant-skin.com/partners/emiliano7b30.png]
[www.elephant-skin.com/partners/emiliano-p7b30.png]
[www.elephant-skin.com/partners/foster7b30.png]
[www.elephant-skin.com/partners/foster-p7b30.png]
[www.elephant-skin.com/partners/kpf7b30.png]
[www.elephant-skin.com/partners/kpf-p7b30.png]
[www.elephant-skin.com/partners/meta7b30.png]
[www.elephant-skin.com/partners/meta-p7b30.png]
[www.elephant-skin.com/partners/muze7b30.png]
[www.elephant-skin.com/partners/muze-p7b30.png]
[www.elephant-skin.com/partners/ora7b30.png]
[www.elephant-skin.com/partners/ora-p7b30.png]
[www.elephant-skin.com/partners/rudin7b30.png]
[www.elephant-skin.com/partners/rudin-p7b30.png]
[www.elephant-skin.com/partners/studio-arthur-casas7b30.png]
[www.elephant-skin.com/partners/studio-arthur-casas-p7b30.png]
[www.elephant-skin.com/partners/ur7b30.png]
[www.elephant-skin.com/partners/ur-p7b30.png]
[www.elephant-skin.com/partners/marriott7b30.png]
[www.elephant-skin.com/partners/marriott-p7b30.png]
[www.elephant-skin.com/partners/hilton7b30.png]
[www.elephant-skin.com/partners/hilton-p7b30.png]
[www.elephant-skin.com/partners/royalcaribbean7b30.png]
[www.elephant-skin.com/partners/royalcaribbean-p7b30.png]
[www.elephant-skin.com/partners/brookfield7b30.png]
[www.elephant-skin.com/partners/brookfield-p7b30.png]
[www.elephant-skin.com/partners/compass30f4.png]
[www.elephant-skin.com/partners/compass-p30f4.png]
[www.elephant-skin.com/partners/colliers30f4.png]
[www.elephant-skin.com/partners/colliers-p30f4.png]
[www.elephant-skin.com/partners/cyrela30f4.png]
[www.elephant-skin.com/partners/cyrela-p30f4.png]
[www.elephant-skin.com/partners/tegra30f4.png]
[www.elephant-skin.com/partners/tegra-p30f4.png]
[www.elephant-skin.com/partners/plaenge30f4.png]
[www.elephant-skin.com/partners/plaenge-p30f4.png]
[www.elephant-skin.com/partners/setin30f4.png]
[www.elephant-skin.com/partners/setin-p30f4.png]
[www.elephant-skin.com/partners/embraed30f4.png]
[www.elephant-skin.com/partners/embraed-p30f4.png]
[www.elephant-skin.com/partners/bairru30f4.png]
[www.elephant-skin.com/partners/bairru-p30f4.png]
[www.elephant-skin.com/partners/housi30f4.png]
[www.elephant-skin.com/partners/housi-p30f4.png]
[www.elephant-skin.com/partners/idealiza30f4.png]
[www.elephant-skin.com/partners/idealiza-p30f4.png]
[www.elephant-skin.com/partners/laguna30f4.png]
[www.elephant-skin.com/partners/laguna-p30f4.png]
[www.elephant-skin.com/partners/marquise30f4.png]
[www.elephant-skin.com/partners/marquise-p30f4.png]
[www.elephant-skin.com/partners/caucaso30f4.png]
[www.elephant-skin.com/partners/caucaso-p30f4.png]
[www.elephant-skin.com/partners/diagonal30f4.png]
[www.elephant-skin.com/partners/diagonal-p30f4.png]
[www.elephant-skin.com/partners/seger30f4.png]
[www.elephant-skin.com/partners/seger-p30f4.png]
[www.elephant-skin.com/partners/daxo30f4.png]
[www.elephant-skin.com/partners/daxo-p30f4.png]
[www.elephant-skin.com/partners/axia30f4.png]
[www.elephant-skin.com/partners/axia-p30f4.png]
[www.elephant-skin.com/partners/enea30f4.png]
[www.elephant-skin.com/partners/enea-p30f4.png]
[www.elephant-skin.com/partners/imobcon30f4.png]
[www.elephant-skin.com/partners/imobcon-p30f4.png]
[www.elephant-skin.com/partners/integra30f4.png]
[www.elephant-skin.com/partners/integra-p30f4.png]
[www.elephant-skin.com/partners/sunprime30f4.png]
[www.elephant-skin.com/partners/sunprime-p30f4.png]
[www.elephant-skin.com/partners/rennie30f4.png]
[www.elephant-skin.com/partners/rennie-p30f4.png]
[www.elephant-skin.com/partners/mla30f4.png]
[www.elephant-skin.com/partners/mla-p30f4.png]
[www.elephant-skin.com/partners/beedie30f4.png]
[www.elephant-skin.com/partners/beedie-p30f4.png]
[www.elephant-skin.com/partners/wesgroup30f4.png]
[www.elephant-skin.com/partners/wesgroup-p30f4.png]
[www.elephant-skin.com/partners/wesbild30f4.png]
[www.elephant-skin.com/partners/wesbild-p30f4.png]
[www.elephant-skin.com/partners/mission30f4.png]
[www.elephant-skin.com/partners/mission-p30f4.png]
[www.elephant-skin.com/partners/riverdistrict30f4.png]
[www.elephant-skin.com/partners/riverdistrict-p30f4.png]
[www.elephant-skin.com/partners/canderel30f4.png]
[www.elephant-skin.com/partners/canderel-p30f4.png]
[www.elephant-skin.com/partners/youinc30f4.png]
[www.elephant-skin.com/partners/youinc-p30f4.png]
[www.elephant-skin.com/partners/newgard30f4.png]
[www.elephant-skin.com/partners/newgard-p30f4.png]
[www.elephant-skin.com/partners/nortis30f4.png]
[www.elephant-skin.com/partners/nortis-p30f4.png]
[www.elephant-skin.com/partners/nria30f4.png]
[www.elephant-skin.com/partners/nria-p30f4.png]
[www.elephant-skin.com/partners/flank30f4.png]
[www.elephant-skin.com/partners/flank-p30f4.png]
[www.elephant-skin.com/partners/gfo30f4.png]
[www.elephant-skin.com/partners/gfo-p30f4.png]
[www.elephant-skin.com/partners/investcorp30f4.png]
[www.elephant-skin.com/partners/investcorp-p30f4.png]
[www.elephant-skin.com/partners/keyinternational30f4.png]
[www.elephant-skin.com/partners/keyinternational-p30f4.png]
[www.elephant-skin.com/partners/oceanterrace30f4.png]
[www.elephant-skin.com/partners/oceanterrace-p30f4.png]
[www.elephant-skin.com/partners/claro30f4.png]
[www.elephant-skin.com/partners/claro-p30f4.png]
[www.elephant-skin.com/partners/srg30f4.png]
[www.elephant-skin.com/partners/srg-p30f4.png]
[www.elephant-skin.com/partners/blt30f4.png]
[www.elephant-skin.com/partners/blt-p30f4.png]
[www.elephant-skin.com/partners/kaslik30f4.png]
[www.elephant-skin.com/partners/kaslik-p30f4.png]
[www.elephant-skin.com/partners/haus-dalat30f4.png]
[www.elephant-skin.com/partners/haus-dalat-p30f4.png]
[www.elephant-skin.com/partners/acehotel30f4.png]
[www.elephant-skin.com/partners/acehotel-p30f4.png]
[www.elephant-skin.com/partners/citizenm30f4.png]
[www.elephant-skin.com/partners/citizenm-p30f4.png]
[www.elephant-skin.com/partners/sbe30f4.png]
[www.elephant-skin.com/partners/sbe-p30f4.png]
[www.elephant-skin.com/partners/thompson30f4.png]
[www.elephant-skin.com/partners/thompson-p30f4.png]
[www.elephant-skin.com/partners/lamborghini30f4.png]
[www.elephant-skin.com/partners/lamborghini-p30f4.png]
[www.elephant-skin.com/partners/relevant30f4.png]
[www.elephant-skin.com/partners/relevant-p30f4.png]
[www.elephant-skin.com/partners/edsa30f4.png]
[www.elephant-skin.com/partners/edsa-p30f4.png]
[www.elephant-skin.com/partners/clad30f4.png]
[www.elephant-skin.com/partners/clad-p30f4.png]
[www.elephant-skin.com/partners/urbanrobot30f4.png]
[www.elephant-skin.com/partners/urbanrobot-p30f4.png]
[www.elephant-skin.com/partners/designagency30f4.png]
[www.elephant-skin.com/partners/designagency-p30f4.png]
[www.elephant-skin.com/partners/cloudkitchens30f4.png]
[www.elephant-skin.com/partners/cloudkitchens-p30f4.png]
[www.elephant-skin.com/partners/uncomn30f4.png]
[www.elephant-skin.com/partners/uncomn-p30f4.png]
[www.elephant-skin.com/legal]
[www.elephant-skin.com/legal/terms-of-use]
[www.elephant-skin.com/legal/privacy-policy]
[www.elephant-skin.com/legal/cookie-policy]
[www.elephant-skin.com/legal/intellectual-property]
[www.elephant-skin.com/legal/client-confidentiality]
[www.elephant-skin.com/legal/ai-policy]
[www.elephant-skin.com/legal/accessibility]
[www.elephant-skin.com/legal/security]
[www.elephant-skin.com/legal/contact]
[www.elephant-skin.com/projects/movala.jpg]
[cdnjs.cloudflare.com/ajax/libs/gsap/3.12.5/gsap.min.js]
[cdnjs.cloudflare.com/ajax/libs/gsap/3.12.5/ScrollTrigger.min.js]
[www.elephant-skin.com/app.js]
[www.elephant-skin.com/cookies.js]
[www.elephant-skin.com/index.html]
[www.elephant-skin.com/tour.js]
[www.elephant-skin.com/fonts.css]
[www.elephant-skin.com/elephant-head.svg]
[www.elephant-skin.com/logo-pink.svg]
[www.elephant-skin.com/logo-white.svg]
[www.elephant-skin.com/AauxProMedium.ttf]
[www.elephant-skin.com/postit.jpg]
[www.elephant-skin.com/giovana.jpg]
[www.elephant-skin.com/hello]
[www.elephant-skin.com/og-chef1.jpg]
[www.elephant-skin.com/approach]
[www.elephant-skin.com/projects/allard.jpg]
[www.elephant-skin.com/projects/colette.jpg]
[www.elephant-skin.com/projects/dora.jpg]
[www.elephant-skin.com/projects/bayn.jpg]
[www.elephant-skin.com/whatwedo]
[www.elephant-skin.com/og-cover.jpg]
[www.elephant-skin.com/projects]
[www.elephant-skin.com/project5445]
[www.elephant-skin.com/og-chef3.jpg]
[www.elephant-skin.com/hubespace/1.jpg]
[www.elephant-skin.com/hubespace/8.jpg]
[www.elephant-skin.com/hubespace/7.jpg]
[www.elephant-skin.com/hubespace/17.jpg]
[www.elephant-skin.com/hubespace/12.jpg]
[www.elephant-skin.com/hubespace/2.jpg]
[www.elephant-skin.com/hubespace/15.jpg]
[www.elephant-skin.com/theelephants]
[www.elephant-skin.com/project98f4]
[www.elephant-skin.com/life/3.jpg]
[www.elephant-skin.com/projecta63e]
[www.elephant-skin.com/life/9.jpg]
[www.elephant-skin.com/project819e]
[www.elephant-skin.com/life/14.jpg]
[www.elephant-skin.com/projecte411]
[www.elephant-skin.com/projects/biltmore.jpg]
[www.elephant-skin.com/life/21.jpg]
[www.elephant-skin.com/project485c]
[www.elephant-skin.com/life/6.jpg]
[www.elephant-skin.com/project53c0]
[www.elephant-skin.com/projects/tempo.jpg]
[www.elephant-skin.com/life/17.jpg]
[www.elephant-skin.com/life/24.jpg]
[www.elephant-skin.com/life/12.jpg]
[www.elephant-skin.com/careers]
[www.elephant-skin.com/og-chef2.jpg]
[www.elephant-skin.com/faq]
[www.elephant-skin.com/jspdf.umd.min.js]
[www.elephant-skin.com/ElephantSkin-Brief.114.delayed]
[www.elephant-skin.com/brief]
[www.elephant-skin.com/legal/legal.css]
[www.elephant-skin.com/legal]
[www.elephant-skin.com/legal/terms-of-use]
[www.elephant-skin.com/legal/privacy-policy]
[www.elephant-skin.com/legal/cookie-policy]
[www.elephant-skin.com/legal/intellectual-property]
[www.elephant-skin.com/legal/client-confidentiality]
[www.elephant-skin.com/legal/ai-policy]
[www.elephant-skin.com/legal/accessibility]
[www.elephant-skin.com/legal/security]
[www.elephant-skin.com/legal/contact]
[www.elephant-skin.com/legal/legal.js]
[www.elephant-skin.com/og-case-tempo.jpg]
[www.elephant-skin.com/projects/tempo/concept-2.jpg]
[www.elephant-skin.com/projects/tempo/concept-3.jpg]
[www.elephant-skin.com/projects/tempo/concept-4.jpg]
[www.elephant-skin.com/projects/allard/concept-2.jpg]
[www.elephant-skin.com/projects/allard/concept-3.jpg]
[www.elephant-skin.com/projects/allard/film-poster.jpg]
[www.elephant-skin.com/projects/allard/char-p-manga.jpg]
[www.elephant-skin.com/projects/allard/char-p-vigia.jpg]
[www.elephant-skin.com/projects/allard/char-l-chef.jpg]
[www.elephant-skin.com/projects/allard/char-l-surf.jpg]
[www.elephant-skin.com/projects/allard/char-l-escritorio.jpg]
[www.elephant-skin.com/projects/allard/char-v-rose.jpg]
[www.elephant-skin.com/projects/allard/char-v-gringo.jpg]
[www.elephant-skin.com/projects/allard/char-v-influencer.jpg]
[www.elephant-skin.com/projects/allard/char-mar.jpg]
[www.elephant-skin.com/projects/allard/char-coxinha.jpg]
[www.elephant-skin.com/projects/allard/char-c1a.jpg]
[www.elephant-skin.com/projects/allard/char-c1b.jpg]
[www.elephant-skin.com/projects/allard/char-c2a.jpg]
[www.elephant-skin.com/projects/allard/char-c2b.jpg]
[www.elephant-skin.com/projects/allard/char-c3a.jpg]
[www.elephant-skin.com/projects/allard/char-c3b.jpg]
[www.elephant-skin.com/projects/allard/char-c3c.jpg]
[www.elephant-skin.com/projects/allard/chef-3.jpg]
[www.elephant-skin.com/projects/allard/res-g1.jpg]
[www.elephant-skin.com/projects/allard/res-g2.jpg]
[www.elephant-skin.com/projects/allard/res-g3.jpg]
[www.elephant-skin.com/projects/allard/res-g4.jpg]
[www.elephant-skin.com/projects/allard/res-g5.jpg]
[www.elephant-skin.com/projects/allard/res-g6.jpg]
[www.elephant-skin.com/projects/allard/feature-volei.jpg]
[www.elephant-skin.com/projects/allard/arthur-casas.jpg]
[www.elephant-skin.com/mock-02.16f.delayed]
[www.elephant-skin.com/mock-03.170.delayed]
[www.elephant-skin.com/mock-04.171.delayed]
[www.elephant-skin.com/mock-05.172.delayed]
[www.elephant-skin.com/mock-06.173.delayed]
[www.elephant-skin.com/mos-2.174.delayed]
[www.elephant-skin.com/mos-3.175.delayed]
[www.elephant-skin.com/brinde-01.176.delayed]
[www.elephant-skin.com/brinde-02.177.delayed]
[www.elephant-skin.com/brinde-03.178.delayed]
[www.elephant-skin.com/am-pool-int.179.delayed]
[www.elephant-skin.com/season-summer.17a.delayed]
[www.elephant-skin.com/season-spring.17b.delayed]
[www.elephant-skin.com/season-winter.17c.delayed]
[www.elephant-skin.com/season-fall.17d.delayed]
[www.elephant-skin.com/escola.17e.delayed]
[www.elephant-skin.com/aerial.17f.delayed]
[www.elephant-skin.com/pista-aerial.180.delayed]
[www.elephant-skin.com/location-map.181.delayed]
[www.elephant-skin.com/reuso-agua.182.delayed]
[www.elephant-skin.com/jardim-tempo.183.delayed]
[www.elephant-skin.com/rambla-noite.184.delayed]
[www.elephant-skin.com/calcada-estares.185.delayed]
[www.elephant-skin.com/projects/tempo-2.jpg]
[www.elephant-skin.com/projects/tempo-3.jpg]
[www.elephant-skin.com/projects/tempo-4.jpg]
[www.elephant-skin.com/projects/tempo-5.jpg]
[www.elephant-skin.com/projects/tempo-6.jpg]
[www.elephant-skin.com/projects/tempo/land-hero.jpg]
[www.elephant-skin.com/projects/tempo/land-garden.jpg]
[www.elephant-skin.com/projects/tempo/land-quiet.jpg]
[www.elephant-skin.com/projects/tempo/land-restaurant.jpg]
[www.elephant-skin.com/projects/tempo/int-living.jpg]
[www.elephant-skin.com/projects/tempo/int-bedroom.jpg]
[www.elephant-skin.com/projects/tempo/int-bath.jpg]
[www.elephant-skin.com/projects/tempo/pb-aerial.jpg]
[www.elephant-skin.com/projects/tempo/pb-surf.jpg]
[www.elephant-skin.com/projects/tempo/pb-sunset.jpg]
[www.elephant-skin.com/projects/tempo/pb-coast.jpg]
[www.elephant-skin.com/projects/tempo/pb-waves.jpg]
[www.elephant-skin.com/a.197.delayed]
[www.elephant-skin.com/project5445]
[www.elephant-skin.com/project98f4]
[www.elephant-skin.com/projecta63e]
[www.elephant-skin.com/project819e]
[www.elephant-skin.com/projecte411]
[www.elephant-skin.com/project485c]
[www.elephant-skin.com/project53c0]
[www.elephant-skin.com/ElephantSkin-Brief.html]
[www.elephant-skin.com/legal/legal.css]
[www.elephant-skin.com/projects/colette/logo-o-offwhite.svg]
[www.elephant-skin.com/projects/index.html]
[www.elephant-skin.com/projects/cruise.1b0.delayed]
[www.elephant-skin.com/projects/cruise/index.html]
[www.elephant-skin.com/projects/seara.1b1.delayed]
[www.elephant-skin.com/projects/seara/index.html]
[www.elephant-skin.com/projects/allard.1b2.delayed]
[www.elephant-skin.com/projects/allard/index.html]
[www.elephant-skin.com/projects/colette.1b3.delayed]
[www.elephant-skin.com/projects/colette/index.html]
[www.elephant-skin.com/mock-02.html]
[www.elephant-skin.com/mock-03.html]
[www.elephant-skin.com/mock-04.html]
[www.elephant-skin.com/mock-05.html]
[www.elephant-skin.com/mock-06.html]
[www.elephant-skin.com/projects/dora.1b4.delayed]
[www.elephant-skin.com/projects/dora/index.html]
[www.elephant-skin.com/mos-2.html]
[www.elephant-skin.com/mos-3.html]
[www.elephant-skin.com/brinde-01.html]
[www.elephant-skin.com/brinde-02.html]
[www.elephant-skin.com/brinde-03.html]
[www.elephant-skin.com/am-pool-int.html]
[www.elephant-skin.com/projects/movala.1b5.delayed]
[www.elephant-skin.com/projects/movala/index.html]
[www.elephant-skin.com/season-summer.html]
[www.elephant-skin.com/season-spring.html]
[www.elephant-skin.com/season-winter.html]
[www.elephant-skin.com/season-fall.html]
[www.elephant-skin.com/projects/quinta.1b6.delayed]
[www.elephant-skin.com/projects/quinta/index.html]
[www.elephant-skin.com/projects/biltmore.1b7.delayed]
[www.elephant-skin.com/projects/biltmore/index.html]
[www.elephant-skin.com/projects/parc.1b8.delayed]
[www.elephant-skin.com/projects/parc/index.html]
[www.elephant-skin.com/escola.html]
[www.elephant-skin.com/aerial.html]
[www.elephant-skin.com/pista-aerial.html]
[www.elephant-skin.com/location-map.html]
[www.elephant-skin.com/reuso-agua.html]
[www.elephant-skin.com/jardim-tempo.html]
[www.elephant-skin.com/rambla-noite.html]
[www.elephant-skin.com/calcada-estares.html]
[www.elephant-skin.com/a.html]
[www.elephant-skin.com/projects/parc/capi-pack.1b9.delayed]
[www.elephant-skin.com/projects/parc/capi-pack/index.html]
[www.elephant-skin.com/projects/cruise.html]
[www.elephant-skin.com/projects/seara.html]
[www.elephant-skin.com/projects/allard.html]
[www.elephant-skin.com/projects/colette.html]
[www.elephant-skin.com/projects/dora.html]
[www.elephant-skin.com/projects/movala.html]
[www.elephant-skin.com/projects/quinta.html]
[www.elephant-skin.com/projects/biltmore.html]
[www.elephant-skin.com/projects/parc.html]
[www.elephant-skin.com/projects/parc/capi-pack.html]
